EF645664,EF645664,100.000
EF645664,EF645667,98.506
EF645664,EF645665,96.857
EF645664,DslSimpl,92.023
EF645664,DslAfri3,91.579
EF645664,DslDes17,90.829
EF645664,CP001358,90.479
EF645667,EF645667,100.000
EF645667,EF645664,98.506
EF645667,EF645665,97.630
EF645667,DslSimpl,92.272
EF645667,DslAfri3,91.842
EF645667,DslDes17,91.087
EF645667,CP001358,90.829
EF645665,EF645665,100.000
EF645665,EF645667,97.630
EF645665,EF645664,96.857
EF645665,DslSimpl,91.757
EF645665,DslAfri3,91.478
EF645665,DslDes17,90.675
EF645665,CP001358,90.366
DslAfri3,DslAfri3,100.000
DslAfri3,DslSimpl,94.632
DslAfri3,DslDes17,92.842
DslAfri3,CP001358,92.421
DslAfri3,EF645667,91.842
DslAfri3,EF645664,91.579
DslAfri3,EF645665,91.478
DslSimpl,DslSimpl,100.000
DslSimpl,DslAfri3,94.632
DslSimpl,DslDes17,92.890
DslSimpl,CP001358,92.589
DslSimpl,EF645667,92.272
DslSimpl,EF645664,92.023
DslSimpl,EF645665,91.757
CP001358,CP001358,100.000
CP001358,DslDes17,98.200
CP001358,DslSimpl,92.589
CP001358,DslAfri3,92.421
CP001358,EF645667,90.829
CP001358,EF645664,90.479
CP001358,EF645665,90.366
DslDes17,DslDes17,100.000
DslDes17,CP001358,98.200
DslDes17,DslSimpl,92.890
DslDes17,DslAfri3,92.842
DslDes17,EF645667,91.087
DslDes17,EF645664,90.829
DslDes17,EF645665,90.675
